Starting Synchronism Maintainer Session at Mon Jun  8 06:00:01 PDT 2026

# Maintainer Session — 2026-06-08

## WAKE Phase

**Propagation check:** Did the 2026-06-07 explorer's decisive findings reach entry-point pages?

**Answer: Partially.** Yesterday's maintainer (2026-06-07) upgraded A-from-Jeans badge from validated → active-mrh and added an amber "open question" warning. But the explorer ran *after* the maintainer and found the decisive test NEGATIVE: the stated formula gives A ≈ 4.6×10⁻⁵ (~600× off). Pass 4 today correctly identified the site still sells "5% agreement." Fixed.

**Research direction signal:** None new beyond what's documented. Same recurring pattern: explorer finds decisive closures, maintainer propagates incompletely, next visitors see stale framing.

---

## Feedback Reviewed

- Visitor log: 2026-06-08 — four-persona pass
- Forum: nothing new
- Explorer: 2026-06-07 A-from-Jeans chain-of-custody closure (decisive, now propagated)

---

## Changes Made (Site)

### P0 — Content Correctness

- `parameter-derivations/page.tsx`: Badge active-mrh → audited-negative. Text: replaced amber "open question" box with red closure summary (wrong scaling law V^0.5 not V^2; stated formula gives 600× off; number detached from computation ~600 sessions). Intro banner: "zero parameters have independent first-principles derivations."

- `honest-assessment/page.tsx`: Plain-language section: added "Zero parameters have an independent first-principles derivation — A-from-Jeans closed audited-negative 2026-06-07." Scoreboard: added "0 independently-derived parameters."

- `tier-1-existing/page.tsx`: EFE row "until computed" → "CLOSED (2026-06-03): boost ceiling ~3.17×; 42% of SPARC RAR points need >3.17; no ceiling fits both simultaneously." Confirms effective discriminating test count is 0.

- `page.tsx` (landing): tanh "(0,1)" → "(−1,+1); C(ρ) stays in [0,1) because the input argument ≥ 0." Quote "S-curve from quantum to classical" → "from sparse/independent to dense/collective."

- `phase-boundary-visualizer/page.tsx`: Band 1 label "Collective" → "High-N_corr (strongly correlated)" — removes ambiguity where "Collective" appeared at both ends of the coherence axis. Band 1 physics note: explains the inversion (small γ → flat S-curve → low C despite large N_corr). Band 2: "Quantum and classical effects compete" → "collective and independent behavior balance."

- `first-encounter/page.tsx`: Fixed backwards reasoning about BEC/superconductors. Old: "score low *because* coherence means collective ordering (large N_corr)" — the reason given implies the opposite of the conclusion. New: actual mechanism — large N_corr in denominator of γ = 2/√N_corr gives very small γ → nearly flat S-curve → C ≈ 0 at any physically accessible density.

### P1 — Navigation / Structural

- `interactive-tools/page.tsx`: Coherence Explorer description: "quantum-classical transition" → "sparse/independent → dense/collective transition."

- `next.config.mjs`: Added `/quantum-mechanics` → `/quantum` redirect (Pass 3 hit 404). Added `/learning-path` → `/learning-paths` defensive redirect (Pass 1 reported 404; source links already use plural but defensive redirect added).

### P2 — Framing / Onboarding

- `hard-problem/page.tsx`: "γ is the coherence parameter" → "γ is the sharpness exponent (= 2/√N_corr — same parameter as in C(ρ) elsewhere)." Removed count "34" from all prediction advertising; replaced with "candidate predictions, none currently testable." "See the 34 Predictions" button → "See candidate predictions."

---

## Back-Annotations (Research Repo)

None this session — the A-from-Jeans back-annotation was already filed by the 2026-06-07 explorer (`a_from_jeans_chain_of_custody_closure.md`).

---

## Topics Seeded for Explorer

None new — 46 active topics in queue. The gamma-ncorr-sign-inversion topic (most relevant to today's Pass 3 question about "corrected γ") is already in done/.

Pass 3's unanswered question "Is the cluster one-scale argument written up as a standalone result against density-based gravity mimics?" — this has been addressed: the wrong-variable finding (2026-06-01) and its update are documented. The site's honest-assessment has the mechanism-class no-go box. What's missing is a preprint. That's in the a2acw-preprint and test04a-mechanism-class topics already queued.

---

## Open Items (Deferred)

- **Distinguishing amplitude vs detection threshold column** (Pass 4): Tier-1 scorecard enhancement. Requires careful copy ("0 confirmed AND ~0 testable-at-distinguishing-amplitude"). Medium complexity, high value for expert readers.
- **Math-free per-page track** (Pass 1): Major structural work; more appropriate for a design sprint.
- **ρ_crit symbol rename** (Pass 3): Already in c-rho-no-inflection-rename-audit.md active topic.
- **Galaxy plotter free-γ curve overlay** (Pass 4): Already in galaxy-plotter-refutation-view.md active topic.
- **remaining "quantum-classical" occurrences** on secondary pages (gamma-boundary, presence, why-synchronism): Low-traffic pages; lower priority than today's fixes.

---

## So What?

The session's P0 fix — propagating A-from-Jeans chain-of-custody failure from "open question" to "audited-negative" — closes the last surviving first-principles claim. The framework now has zero confirmed predictions, zero independently-derived parameters, and zero discriminating tests vs MOND+EFE. That's a clean honest statement visible across all three dimensions simultaneously. The first-encounter fix (backwards reasoning about BEC/superconductors) is arguably more consequential for the reader experience — it was teaching the wrong mechanism to exactly the audience that reads the physicist note.
