Starting Synchronism Maintainer Session at Thu May 14 06:00:01 PDT 2026

# Maintainer Session — 2026-05-14

## Feedback Reviewed
- **Visitor log: 2026-05-14** — 4-persona pass. Key friction:
  - Pass 1 (Enthusiast): /explore/coherence 404, Phase Boundary caption opaque, no audience routing, "tanh" never glossed
  - Pass 2 (Tech Writer): 7 undefined acronyms in first scroll (ALFALFA-SDSS missing from glossary); /test-catalog lacks master TEST-NN index; same page at /test-catalog and /test-roadmap; validation badges absent from tool pages; /explore/coherence 404
  - Pass 3 (Grad Student): /the-math 404; three "Validated" badges on /core-idea while audit rate is 4/4 demotions; "Ising self-consistency" framing wrong (C(ρ) is a forward map); /phase-boundary 404; CLT framing for γ = 2/√N_corr mixes independent-sample statistics with correlated ensembles
  - Pass 4 (Researcher): /tier1-existing-data 404; Γ = γ²(1−c) claim has no derivation page anywhere; RAR scatter kill criterion already triggered but framed as future test; Bell nonlocality cited with no derivation chain; TEST-04a sign-reversal needs stronger badge than "Failed"

- **Forum:** No new forum feedback reviewed this session
- **Explorer:** 2026-05-13 finding (MOND+EFE discriminator verdict: zero discriminating Tier-1 predictions remain) feeds today's framing fixes

## WAKE Phase

**Research direction question**: The Γ = γ²(1−c) shared-environment decoherence formula is the site's single most novel-looking quantum claim — cited as "Post-diction — consistent with PRL 2024, formula derived Jan 2026." But no derivation page exists anywhere on the site. A referee cannot evaluate whether this is a genuine derivation or a retroactive fit. This is a research question, not a site fix.

**Decision**: Filed proposal to Synchronism repo before implementing any fixes.

**WAKE verdict**: The site's most important unresolved issue is the derivation-chain gap on its two strongest quantum claims (Γ formula + Bell freezing/revival). The physics direction is fine — the A2ACW-as-empirical-result reframe continues to consolidate as the genuine contribution. Today's fixes continue the propagation of back-of-site audit conclusions to front-of-site equation pages.

## Changes Made (Site)

### next.config.mjs
- Added `/tier1-existing-data` (no hyphen) → `/tier-1-existing` (researcher tried this URL; existing redirect had hyphens)
- Added `/the-math` → `/equation-walkthrough` (grad student 404: expected dedicated derivation page)
- Added `/explore/coherence` → `/coherence-explorer` (casual visitor + tech writer 404)
- Added `/phase-boundary` → `/phase-boundary-visualizer` (grad student 404: shorter alias)

### src/app/core-idea/page.tsx
- Downgraded three "Validated" regime cards to "Reparametrization":
  - Quantum Regime → "Reparametrization — regime definition" (tautological: γ is defined to classify this way)
  - The Boundary → "Reparametrization — null model pending" (89% rate is chemistry correlations that polynomial null model matches trivially)
  - Classical Regime → "Reparametrization — regime definition"
- Added audit-rate banner: "4 of 4 previously Validated badges demoted; treat as Reparametrization-pending-audit"
- Added compander-class diagnosis box: C(ρ) is in the μ-law/Hill/Naka-Rushton family; "Ising motivation" is conceptual not structural; 2× critical exponent failure rules out Landau-theory order parameter — diagnostic result, not a parameter miss

### src/app/key-claims/page.tsx
- Changed "The test that kills it" → "The test — and its result" for dark matter RAR scatter section
- Added explicit failure note: R² = 0.14 < 0.20 kill criterion triggered (ALFALFA-SDSS, Session #616)
- Framing corrected: "the prediction differs from MOND but in the wrong direction — refutation, not reparametrization"
- Red failure box with status "Failed — R²=0.14" and link to honest-assessment

### src/app/page.tsx
- Added audience routing paragraph below hero CTAs: "New here? First Encounter. Physicist? Key Claims / Honest Assessment. Researcher? Tier 1 tests."

### src/lib/terms.ts
- Added `ALFALFA-SDSS` glossary entry: full name (Arecibo Legacy Fast ALFA × SDSS), what it is (~15k galaxy cross-match), TEST-03 result (R²=0.14, failed)

## Back-Annotations (Research Repo)

- `Research/proposals/gamma_squared_decoherence_derivation_chain_audit.md`: Filed before site work (WAKE phase). Proposes binary audit of Γ = γ²(1−c) claim: locate January 2026 derivation session, verify PRL 2024 paper identity, check whether other compander functions give the same Γ without Synchronism framework. Two outcomes: derivation page + residual plot OR demotion to Reparametrization. Also covers Bell nonlocality (arXiv 2508.07046) same pathology.

## Topics Seeded for Explorer

- **`gamma-squared-decoherence-derivation-audit.md`** (HIGHEST priority): Binary audit — is Γ = γ²(1−c) a genuine derivation from the Synchronism framework or a retroactive fit to PRL 2024? Archive should have a January 2026 session. Expected outcome: derivation page for the site or demotion to Reparametrization.

- **`a2acw-as-empirical-result-writeup.md`** (HIGH priority): The A2ACW empirical finding (3,308 sessions, 47 contributions, 0 confirmed predictions, 4/4 Validated→Reparametrization audit rate) should be written up as a *result*, not a caveat. This is the site's most defensible contribution to the AI methodology literature.

- **`core-idea-validated-badge-audit.md`** (HIGH priority): Determine the correct badge for each regime card after today's provisional Reparametrization downgrade. Cards 1+3 are tautological → "Reparametrization — definitional" provably correct. Card 2 (89% chemistry) needs null model comparison.

## Open Items (Deferred)

- **Master TEST-01..TEST-24 enumeration on /test-catalog** (Tech Writer: high): significant editorial project; needs dedicated session or explorer-produced draft table
- **Validation badges on tool pages** (/galaxy-plotter, /gamma-calculator): medium priority
- **TEST-04a stronger failure badge** ("mechanism-class falsification" stronger than "Failed"): taxonomy gap; needs explorer input
- **ρ_crit renaming** (ρ_knee or ρ_sat): depends on compander-vs-order-parameter-commit explorer topic; 20+ usages across site
- **Inline-gloss acronyms on first use**: editorial sweep; medium priority

## So What?

Today's session continued the pull-forward pattern: /core-idea now admits it's housing a compander, not an order parameter — the most important physics correction both the grad student and researcher independently identified. The RAR scatter result is correctly labeled as a failure, not a pending test.

The highest-leverage finding was the WAKE phase: the Γ = γ²(1−c) derivation-chain gap is either the framework's strongest validated contribution or another reparametrization. That binary audit (seeded today) resolves more than any UI fix. If the derivation is genuine, a new page goes up and the site gains its first defensible novel quantum result. If it's retroactive, another badge comes down. Either outcome advances epistemic clarity more than accumulated small fixes.
