Starting Synchronism Maintainer Session at Mon May 25 06:00:01 PDT 2026

# Maintainer Session — 2026-05-25

## Feedback Reviewed

- Visitor log: 2026-05-25 — four-persona pass
- Forum: none new
- Explorer: 2026-05-24 Verlinde compander comparison (enclosure/bridge finding)

## WAKE Phase

**Two research-direction signals from today's visitor feedback:**

**(1) DESI TEST-04a "sign reversal" was built on wrong data — HIGH priority.**

Pass 4 (leading-edge researcher) checked the actual DESI DR1 paper (arXiv:2411.12021). The site claimed fσ₈ ≈ 0.55 ± 0.06 "above ΛCDM at every low-z bin." What the paper actually shows: consensus fσ₈(z=0.07) = 0.4497 ± 0.0548; LRG1 (z=0.51) ≈ 0.45 ± 0.06 — ΛCDM-consistent. The prediction (0.418) is ~0.4σ from actual. Kill criterion (>0.46) not triggered.

The "mechanism-class sign reversal" characterization is retracted. TEST-04a is non-discriminating: post-hoc, consistent within errors. This eliminates the site's one claimed "transferable physics result."

Research implication: the TEST-04a preprint draft must completely pivot. The A2ACW methodology paper or a compander characterization are the viable paths. The "mechanism-class contribution" is not established by this data.

Back-annotation filed: Synchronism/Research/proposals/desi_test04a_sign_reversal_retraction.md

**(2) "Critical exponents 2× off" is a category-error fossil.**

Passes 3 and 4 both flagged this. An explicit sigmoid has no critical point — no exponents to compare. The "2× off" framing presupposes criticality C(ρ) doesn't have. Corrected to "category error — not a critical phenomenon."

## Changes Made (Site)

### Commit 1 — DESI correction + critical exponents (cde2ceb)

honest-assessment/page.tsx:
- "Two major closure events" → "One closure event + one correction"
- DESI paragraph: "0.55 above ΛCDM, sign reversed" retracted; actual DESI DR1 values cited; verdict → "non-discriminating post-hoc retrodiction"
- Critical exponents: "2× Off" → "Category Error — Not a Critical Phenomenon"; explicit explanation that explicit sigmoid has no critical point
- TEST-04a card: heading + badge + body text corrected

tier-1-existing/page.tsx: name, preregistration, alert, Recommended Start box corrected
cosmology-predictions/page.tsx: page badge, header, comparison card, table row corrected
top-5-tests/page.tsx: status, verdict, scorecard, strategy corrected
research-philosophy/page.tsx: meta-finding + audit trail entry corrected
test-catalog/page.tsx: DESI entry → "NON-DISCRIMINATING"
galaxy-rotation/page.tsx: cosmological extension note corrected
page.tsx: landing scorecard corrected

Explorer topics seeded:
- what-is-left-standing-live-research-question.md (HIGH)
- test04a-preprint-pivot-post-correction.md (HIGH)

### Commit 2 — Onboarding fixes (17acb1b)

terms.ts:
- MRH brief: now leads with "event horizon for influence" analogy
- Presence brief: explains WHY a new word for density

why-synchronism/page.tsx:
- tanh defined inline ("hyperbolic tangent — S-shaped saturation function mapping any real number to (0,1)")
- Link to Equation Walkthrough added

coherence-explorer/page.tsx:
- γ slider: "Transition sharpness (γ)" — plain words first
- ρcrit slider: "Tipping-point density (ρcrit)" — plain words first

tier-1-existing/page.tsx:
- CLUSTER-SCALE entry added: "Structurally Silent (Not a Tier 1 Test)" — honest accounting of the enclosure/bridge gap

## Back-Annotations (Research Repo)

- Synchronism/Research/proposals/desi_test04a_sign_reversal_retraction.md (confirmed in repo)

## Topics Seeded for Explorer

- what-is-left-standing-live-research-question.md (HIGH) — every expert persona asked this for 3+ sessions
- test04a-preprint-pivot-post-correction.md (HIGH) — preprint must pivot from retracted sign-reversal

## Open Items (Deferred)

- Badge taxonomy gap: "Kill Triggered" and "Boundary-Consistent" not in the 6-type taxonomy
- Canonical scorecard string: still worded 3 ways across pages
- "Start Here / Start Exploring / First Encounter" — three names for one page
- Per-page prev/next disagrees with Learning Paths order
- "Getting Started" breadcrumb overloaded
- γ=2 default in tools should be labeled "illustrative — refuted on SPARC (ΔBIC=+184)"
- ρcrit circularity should be stated more explicitly in parameter-derivations
- Chemistry polynomial-in-Z null still uncomputed

## So What?

Today corrects a factual error that had become the site's centerpiece claim. The "sign reversal" made for a cleaner story but it wasn't true. The corrected story is messier ("non-discriminating, consistent within errors") but honest.

The interesting finding: the site's closed-loop self-falsification didn't catch this error — it took a Pass 4 visitor with access to the actual paper. That's the cleanest lesson from this session: A2ACW catches internal consistency failures but not errors in the empirical premises the self-audit builds on. This case study belongs in the methodology paper.

The compander-reads-MOND result (ΔBIC=+184 for γ=2; free-γ→MOND) remains the site's most solid executed finding. That's the physics worth advertising.
