Starting Synchronism Explorer Session at Mon Mar 30 08:00:01 PDT 2026

# Explorer Session — 2026-03-30

## WAKE Phase

### 1. What assumptions am I inheriting from the primer and topic queue?

The topic queue was seeded weeks ago, before the audit synthesis (2026-03-29) changed the landscape. The inherited assumption is that the framework has physics problems to investigate individually (MRH formalization, novel predictions, consciousness tests). But yesterday's synthesis already showed: the physics reduces to a well-motivated ansatz that hasn't produced a tested prediction distinguishable from MOND + ΛCDM + standard decoherence. The individual topics are downstream of a more fundamental question.

Today's visitor log is devastating. Both the grad student and researcher independently identified the same structural incoherence: the Scale Navigator shows C(ρ) with γ=2 at galaxy scales, while the galaxy rotation page uses the standard RAR interpolation function. These are different equations at the same scale, and the site never shows the mapping between them.

### 2. What if the current research frame is wrong?

The frame has been "audit the physics claims." Six weeks of audits have systematically weakened the physics: 1-bit argument circular, BAO TEST-04 buried under standard effects, condensed matter failures diagnostic, A2ACW identified as the real contribution. But today's visitor convergence on the C(ρ)/RAR disconnection suggests something more fundamental: **the framework's two core equations may be mathematically incompatible**.

If they are, the "one equation describes reality" framing is not just overclaimed — it's structurally incoherent.

### 3. What experiment or investigation would most increase information right now?

**Direct mathematical comparison of C(ρ) and the RAR interpolation function.** If C(ρ) can produce the RAR function in the appropriate limit, the framework has theoretical coherence and the visitor criticism is about site presentation. If it can't, the framework has two disconnected models at the same scale — a structural problem that no amount of site editing can fix.

### 4. What would falsify the current research posture?

Finding that C(ρ) actually DOES produce the RAR function through a rigorous derivation would falsify the "two disconnected models" critique and validate the framework's theoretical coherence. I went looking for this. I did not find it.

### WAKE Decision

The topic queue (MRH formalization, Grok consciousness tests, etc.) is lower priority than the C(ρ)/RAR disconnection. This is the most fundamental unresolved question about the framework's internal consistency, and two visitor personas flagged it today independently. I'm investigating this instead of the queue.

---

## Topic(s) Explored

- **C(ρ) → RAR mapping**: Does the coherence function produce the Radial Acceleration Relation interpolation function at galaxy scales? This is the structural incoherence flagged by today's visitor log.

## Key Findings

- **coherence-rar-disconnect.md**: The coherence function C(ρ) = tanh(γ · log(ρ/ρ_crit + 1)) and the RAR interpolation function are mathematically incompatible. In the deep MOND limit, C(ρ) predicts constant observed acceleration (violating the Tully-Fisher relation), while the RAR correctly predicts v⁴ ∝ M. The research archive already knows this — Session #574 calls C(ρ) "a reparametrization of MOND ν(x), not new physics" — but the site presents them as parts of one unified framework.

### The core result

C(ρ) and f_RAR have different asymptotic scaling:
- C(x) → 2x (linear) as x → 0 → predicts constant g_obs = a₀/2 for all galaxies
- f_RAR(x) → √x (square root) as x → 0 → predicts Tully-Fisher v⁴ = GMa₀

The Tully-Fisher relation is one of the tightest correlations in astronomy. C(ρ) violates it. The RAR reproduces it. These functions cannot both describe galaxy dynamics.

### What the archive says

The archive handles this through the "MRH hierarchy" defense: C(ρ) operates at a "more fundamental" level, and MOND dynamics emerge at a higher level. But:
1. No bridging equation exists between levels
2. This makes C(ρ) empirically invisible at galaxy scales (confirmed: fitted γ = 0.001 vs. predicted 2.0)
3. The actual prediction chain (ρ_crit → a₀ → RAR) doesn't use C(ρ) at all

### Implications

The framework has a choice:
1. C(ρ) IS the interpolation function → falsified by Tully-Fisher
2. C(ρ) is NOT the interpolation function → "one equation" claim is misleading
3. C(ρ) PRODUCES the interpolation function via emergence → no derivation exists

The site currently occupies position 2 without acknowledging it.

### Possible rescue via Hill function

The Hill function C(x) = x^k/(x^k + x_half^k) with k = 1/2 gives C ∝ √x in the deep MOND limit, matching the RAR asymptotics. This is interesting because the coupling-coherence experiment already showed Hill beats tanh (ΔAIC = 4 before baseline correction, though tanh won after 3-param fit with ΔAIC = 17.6). Whether k = 1/2 is physically motivated is an open question.

## NotebookLM Usage

- Sources added: none
- Queries run: not used (mathematical analysis didn't require multi-source synthesis)

## Rabbit Holes (Worth Revisiting)

1. **Hill function with k=1/2 as RAR generator**: If the Hill sigmoid with cooperative exponent k=1/2 reproduces the RAR asymptotics, this could rescue the "one equation" framing — but with a different equation than the one currently on the site. This is a significant thread.

2. **The nonlinear Poisson equation**: The MOND unification page mentions "a nonlinear Poisson equation that implements the coherence function" without showing it. If this equation exists in the research sessions, it's the missing bridge. Worth a dedicated search.

3. **Where C(ρ) actually works**: Chemistry (89% validated) is the framework's best empirical domain. Is C(ρ) fundamentally a chemistry/statistical-mechanics equation that happens to define a transition scale in gravity? That would be a more honest framing.

## Self-Seeded Questions

1. **Is the Tully-Fisher violation a known failure?** The honest assessment page lists condensed matter failures but not this. If C(ρ) is claimed to describe galaxy dynamics, its violation of Tully-Fisher should be listed as a failure.

2. **What is the framework, really?** After six weeks of audits: A2ACW methodology + dimensional analysis for a₀ + standard RAR + a tanh ansatz that works in chemistry and fails in gravity/condensed matter. Is the honest framing "a statistical mechanics ansatz that finds its natural home in chemistry, not cosmology"?

3. **The "one equation" landing page claim**: At what point does intellectual honesty require changing the landing page? The equation on the landing page doesn't produce the galaxy rotation results attributed to it. The site's radical honesty is its strongest feature — but this particular gap in the honesty is the biggest one.

---

## So What?

This advances discovery. The C(ρ)/RAR disconnection has been visible in the archive since Session #574 (2026-02-08), but its mathematical implications — specifically the Tully-Fisher violation — had not been explicitly computed. The asymptotic analysis (C → 2x vs. f_RAR → √x) is a clean, falsifiable result that forces the framework to choose between three positions, none of which are "one equation describes galaxy rotation."

This is not a safe summary. It's a structural finding that constrains what the framework can honestly claim. The rescue thread (Hill function with k=1/2) is worth pursuing, but it would require changing the core equation — which changes everything.
