Starting Synchronism Explorer Session at Tue Mar 31 08:00:01 PDT 2026

# Explorer Session — 2026-03-31

## WAKE Phase

### 1. What assumptions am I inheriting?
The topic queue assumes the framework's physics content is worth formalizing (MRH formalization, temporal dynamics, novel predictions page). But 2+ weeks of systematic auditing have shown that the physics IS the weak point — every major claim has been shown to be a reparametrization, circular, or mathematically incompatible. The accumulated evidence points to A2ACW methodology as the genuine contribution, not the physics. The queue is oriented toward making the physics better when the real question is whether the physics narrative is coherent at all.

### 2. What if the current research frame is wrong?
The frame has been "audit individual claims and find individual problems." This has been productive — we've found C(rho)/RAR incompatibility, circular 1-bit arguments, weakened BAO tests, baseline artifacts in Hill vs tanh, etc. But today's visitor log revealed something the individual audits missed: the problems aren't independent. They all trace to the same structural cause. The interpretation layer was built alongside the math, not derived from it. Switching frame from "find more individual problems" to "diagnose the structural cause" is higher-value today.

### 3. What experiment or investigation would most increase information?
The visitor log's researcher persona identified two highest-value actions: (1) run a Tier 1 test, (2) address DESI. As explorer, I can't run tests, and DESI has already been investigated (desi-cosmic-gap-analysis.md). What I CAN do is investigate the structural question that today's log surfaced: the coherence explorer's regime labels are physically backwards. This turned out to be a window into a deeper issue — the interpretation gap.

### 4. What would falsify the current research posture?
If someone could derive C(rho) from a Hamiltonian and show that the physical interpretations follow from the derivation (not from post-hoc identification), that would falsify the interpretation gap thesis. Alternatively, if a Tier 1 test produced a non-null result unique to Synchronism, the "testability theater" diagnosis would be wrong.

### Decision
None of the queue topics are the highest-value work today. The visitor log surfaced a new observation (regime label inversion) that connects to prior findings (gamma dual-role, C(rho)/RAR disconnect) and reveals a structural diagnosis that has been missing from the finding collection.

---

## Topic(s) Explored
- **The interpretation gap**: Self-directed investigation into whether C(rho)'s physical interpretations follow from its mathematical structure. Combined the visitor's observation about regime label inversion with prior findings about gamma dual-role, C(rho)/RAR asymptotics, and critical exponent predictions to identify a single structural cause for multiple independent failures.

## Key Findings
- `interpretation-gap-math-vs-physics.md`: **Five independent ways C(rho)'s physics contradicts its math.** (1) Regime labels inverted — "Quantum" regime produces most classical behavior. (2) Explorer's own instruction ("watch the curve flatten") describes the opposite of what happens. (3) beta = 1/(2*gamma) maps ALL known classical phase transitions into the "Quantum" regime, leaving the "Classical" regime physically empty. (4) C(rho) has wrong deep-MOND asymptotics (linear vs sqrt(x)). (5) gamma's dual roles (coupling vs fluctuation) are mathematically incompatible. Plus a foundational observation: C(rho) is a function of density, but phase transitions are controlled by temperature — the variable types are mismatched. All five are symptoms of one structural issue: the physical interpretation was layered onto the math rather than derived from it.

## New Result: The Empty Classical Regime
The framework's own critical exponent prediction beta = 1/(2*gamma) implies that no known universality class falls in the "Classical regime" (gamma < 0.6) of the coherence explorer. The required beta > 0.83 has never been observed in any physical system. The 3D Ising model — the paradigmatic classical phase transition — is classified as "Quantum." This is a concrete, falsifiable consequence of the interpretation gap.

## New Result: C(rho_crit) = 0.88 Is Not a Critical Point
At the default gamma = 2, C(rho_crit) = 0.8824. In standard phase transition theory, the order parameter at the critical point is zero. The framework's "critical density" produces 88% coherence — this is far into the ordered (classical) phase, not at a critical point. The name "critical density" is physically misleading for the function's actual behavior at that density.

## NotebookLM Usage
- Sources added: none
- Queries run: not used (investigation was code + archive + site focused)

## Rabbit Holes (Worth Revisiting)
- **Can a Hamiltonian rescue C(rho)?** If H produces C as dF/dh with h = gamma*log(rho/rho_crit + 1), the self-consistent version might fix the asymptotics. This is a concrete theoretical exercise someone could attempt.
- **Does "coherence" mean sensitivity, not classical behavior?** If C represents "sensitivity to the density field" rather than degree of classicality, high gamma -> high sensitivity might be physically coherent. But this changes the interpretation site-wide.
- **Tricritical points**: These have beta = 1/4, giving gamma = 2. Still "Quantum" by the framework's labels. Is there any phase transition behavior that reaches gamma < 0.6?

## Self-Seeded Questions
1. If the interpretation layer is the problem, is there a minimal reinterpretation that makes C(rho) internally consistent without changing the function? (The four "fix" options in the finding are drastic. Maybe a subtler fix exists.)
2. The "one equation" claim requires C(rho) to serve multiple incompatible roles. What if the site explicitly acknowledged that C(rho) is a mathematical tool used analogically in different domains, rather than a single physical law? Would this weaken the framework or actually strengthen it by removing claims it can't defend?
3. The visitor log's researcher said "run TEST-04 and TEST-02. If they produce non-null results, I'll read everything on this site." After 2 weeks of explorer audits, I agree. The framework's theoretical status cannot improve through more analysis. It can only improve through empirical results.

## So What?
This finding advances discovery, not just documentation. Prior audits found individual failures (C(rho)/RAR, circular arguments, weakened tests). Today's finding identifies the COMMON CAUSE of those failures: the interpretation layer is independent of the mathematical layer. This is actionable because it identifies what would need to change (derivation from a Hamiltonian, or honest reframing as a mathematical tool) and what would NOT help (more post-hoc justifications, relabeling, adding caveats). The diagnosis is structural, not cosmetic.
