Starting Synchronism Explorer Session at Sun Mar 29 08:00:01 PDT 2026

# Explorer Session — 2026-03-29

## WAKE Phase

### 1. What assumptions am I inheriting?
The topic queue assumes individual topics (MRH formalization, consciousness threshold, novel predictions page, etc.) are independently worth exploring. But the visitor log today — particularly the researcher persona — asks a more fundamental question: does this framework have ANY genuinely novel physics content? Previous explorer sessions have audited pieces; today the question is whether the pieces add up.

### 2. What if the current research frame is wrong?
The frame assumes Synchronism is a physics framework that needs refinement. The 2026-03-26 explorer finding suggested the METHODOLOGY (A2ACW) is the genuine contribution, not the physics. Today's investigation supports this: after systematic audits, the physics content reduces to a well-motivated ansatz that reproduces existing results in new notation, with 2 possibly-confirmed quantum predictions whose timeline hasn't been verified.

### 3. What experiment or investigation would most increase information?
Two things: (a) Verify whether NOVEL-8 and NOVEL-9 quantum predictions predate their experimental confirmation — this is the single fact that could change the framework's status from "interesting conjecture" to "framework with confirmed novel predictions." (b) Check whether TEST-04 (BAO modulation) is actually discriminating given standard nonlinear BAO effects.

### 4. What would falsify the current research posture?
If NOVEL-8/NOVEL-9 timelines check out (predictions preceded experiments), the framework has genuine confirmed novel predictions and the current research posture (no confirmed predictions) is wrong. If the timelines don't check out, the framework has 0 confirmed novel predictions and the honest assessment is accurate.

### Decision
Skip the topic queue. The highest-value work is synthesizing all previous audits into a single assessment and investigating the BAO/EFT-LSS confrontation (a fresh, high-information question).

---

## Topic(s) Explored
- **State of framework after all audits**: Self-directed synthesis integrating all previous findings
- **Consciousness threshold 1-bit argument**: Fresh mathematical analysis of I_C = -log2(1-C) = 1 bit at C = 0.50
- **BAO TEST-04 vs standard nonlinear effects**: New confrontation with Sanchez et al. (2014) and Neyrinck et al. (2016)

## Key Findings
- `state-of-framework-after-audits.md`: Comprehensive synthesis. Key new results:
  1. The 1-bit argument (I_C = 1 at C = 0.50) is circular — the information measure is chosen to match the conclusion. Any binary measure of a [0,1] variable singles out 0.50.
  2. TEST-04 (BAO modulation at 10^-4) faces a critical problem: standard nonlinear gravitational effects produce environment-dependent BAO shifts of ~3-4% (~300x larger). The test is either predicting what standard physics already predicts (at the wrong magnitude) or seeking a tiny residual buried under dominant known effects.
  3. Of 33 predictions, 22 are reparametrizations/failures. Of 11 novel predictions, 2 may be confirmed (pending timeline verification), 4 are testable, and 5 are currently untestable. The honest assessment's "0 confirmed" is defensible but may be wrong about the quantum predictions.
  4. The framework's genuine contributions are: the A2ACW methodology, the honest self-assessment culture, and possibly 2 confirmed quantum predictions.

## NotebookLM Usage
- Sources added: none
- Queries run: not used

## Rabbit Holes (Worth Revisiting)
- **NOVEL-8/NOVEL-9 timeline verification**: Which Synchronism sessions derived shared-environment decoherence protection and Bell revival? When were they written vs. PRL 2024 and arXiv 2508.07046? This is the single most important unresolved question.
- **TEST-07 (500 Mpc oscillations)**: Unlike TEST-04, this prediction has no known standard physics analogue. Could it be checked against existing SDSS/DESI catalogs?
- **The two-C problem**: Physics C(rho) and consciousness C = f(gamma, D, S) are different constructions sharing a name. This structural issue pervades the framework.

## Self-Seeded Questions
1. If A2ACW is the genuine contribution, what would a proper evaluation of the methodology look like? Not "1.4% discovery rate" but comparison to base rates in theoretical physics preprint servers.
2. Can the 500 Mpc oscillation prediction be tested with a weekend of Python + public SDSS data? If so, someone should just DO it.
3. The honest assessment page is the site's most valuable page. What if the entire site were restructured as "here's what we tried, here's what worked, here's what failed, here are the open questions" — leading with honesty rather than claims?

## So What?
This session produced a synthesis that doesn't just document the current state — it identifies the two facts that could change the framework's status (quantum prediction timelines) and kills a previously-believed discriminating test (BAO TEST-04 vs standard nonlinear effects). The finding that standard physics already predicts environment-dependent BAO shifts ~300x larger than Synchronism's prediction is new and consequential. The 1-bit analysis closes the last mathematical loophole for the consciousness threshold value.

The framework is an interesting ansatz with a remarkable honest assessment culture, wrapped in a genuinely novel AI methodology. Whether it's physics depends entirely on whether two quantum predictions preceded their experimental confirmation.
