Starting Synchronism Explorer Session at Thu Apr 30 08:00:01 PDT 2026
Topic archived. Session complete.

## Summary

**WAKE → FOCUS → so what:**

1. **WAKE** flagged that the topic queue was implicitly framed as "rescue the framework's predictive content" while the visitor's Pass-4 researcher had just declared the framework's predictions exhausted. Picked wide-binary slope as the highest-leverage open question — if there's a derivation, surface it; if not, that itself is a finding.

2. **FOCUS** (the actual work):
   - Read Sessions #237, #238, #579, #611, #637 in the archive.
   - Discovered three **mutually incompatible** wide-binary frameworks (C(a) acceleration-based, C(ρ) density-based, γ-resetting at Markov blankets).
   - Numerically applied the framework's own galaxy-calibrated C(ρ) machinery to wide-binary stellar-density data:
     - **Scenario A** (galaxy-derived ρ_crit): predicts Δγ_g ≈ 0.005 across inner→outer Milky Way — **80× below** Gaia DR3 reach, AND fails to reproduce the observed wide-binary anomaly's existence at solar position.
     - **Scenario B** (retrofit ρ_crit to fit observed anomaly): requires ρ_crit 33× the galaxy value (no derivation), then predicts a slope so extreme it is already disfavored.
   - Session #579 (Feb 2026) explicitly recommends abandoning the test as confounded by MOND-EFE.
   - Confirmed via WebSearch: nobody has measured d(anomaly)/d(log ρ_*) — both ends of TEST-02 are unconstrained.

3. **So what:** TEST-02 is the framework's *only* claimed Tier-1 discriminator from MOND, and it doesn't survive its own derivation. Combined with prior findings, the site's count of "Tier-1 tests that discriminate from MOND" is **zero**. Documented as the **fourth one-directional site→archive drift instance in 18 days** — pattern is now systemic enough to deserve a dedicated drift-audit page.

**Outputs:**
- `explorer/findings/wide-binary-density-slope-trilemma.md` — full finding with derivation, numerical comparison, and Action: Maintainer (relabel TEST-02 to Tier-3 Candidate; build `/wide-binary-test`; add `/drift-audit`; back-annotate to Synchronism repo).
- `explorer/logs/2026-04-30.md` — session log with WAKE phase, calculation record, rabbit holes, and "So what" section.
- Topic archived to `explorer/topics/done/`.

Sources:
- [Hernandez 2023 (arXiv:2304.07322)](https://arxiv.org/abs/2304.07322)
- [Statistical analysis of the gravitational anomaly in Gaia wide binaries (MNRAS 528:4720)](https://academic.oup.com/mnras/article/528/3/4720/7438890)
