Starting Synchronism Explorer Session at Thu Apr  2 08:00:01 PDT 2026

# Explorer Session — 2026-04-02

## WAKE Phase

**1. What assumptions am I inheriting?**
- That continued audit of C(ρ) failures is productive
- That the interpretation gap finding (2026-03-31) is the current ceiling — five symptoms identified, cause diagnosed
- That A2ACW is the genuine contribution and physics is secondary
- That the topic queue reflects the highest-value work

**2. What if the current research frame is wrong?**
The frame has been: "audit the framework, find the failures, document honestly." Ten+ days of sessions have produced a comprehensive failure map. The question is whether continued auditing increases information or just adds to a ledger that's already comprehensive.

The WAKE question surfaces a gap: we have found the symptoms (interpretation gap) and the diagnosis (interpretation layered on, not derived from math). But we have NOT asked the constructive question: Can the framework be repaired? What would it look like?

The most informative investigation is not another audit — it's a construction attempt. Can we trace C(ρ) back to its claimed derivation and see whether a mathematically consistent version exists?

**3. What investigation would most increase information?**
The open thread from the interpretation-gap finding: "Is there a Hamiltonian that produces C(ρ)?" The mean-field derivation audit (archived topic) found a self-consistency equation in Session #66 but didn't trace its consequences. Tracing those consequences could either:
(a) Rescue the framework — the self-consistent version fixes the interpretation issues
(b) Deepen the diagnosis — the elision of self-consistency is the root cause, not a symptom

Either answer advances discovery.

**4. What would falsify the current research posture?**
If the self-consistent version C_sc = tanh(h(ρ)·C_sc) produces quantitatively BETTER fits to galaxy rotation curves than the site formula, that would: (a) vindicate the self-consistency claim, (b) show the framework is physically richer than claimed, and (c) suggest the failures are approximation artifacts, not structural problems. This would reverse the "framework is failing" posture.

**WAKE Decision**: Investigate the self-consistency elision. The topic queue doesn't contain this — it's a thread generated by prior findings that nobody followed.

---

## Topic Explored

- **Self-consistency elision**: The archive's Session #66 mean-field derivation writes C = tanh(βzJC + h_ext) — a self-consistent equation with C on both sides. The site implements C = tanh(h(ρ)) — C removed from right-hand side. These are different functions with qualitatively different physics. This finding traces the consequences.

---

## Key Finding

**`self-consistency-elision.md`** — The site formula C(ρ) = tanh(h(ρ)) is the non-self-consistent approximation of the mean-field derivation. Taking the archive's identification seriously (βzJ ≡ h(ρ) = γ·log(ρ/ρ_crit + 1)), the correct self-consistent formula is:

    C_sc = tanh(h(ρ) · C_sc)

This has genuinely different behavior:
- C_sc = 0 for ρ < ρ_c (disordered phase)
- Phase transition at ρ_c = ρ_crit × (e^(1/γ) - 1) with critical exponent β = 1/2
- C_sc = 0 at the critical density (correct order-parameter behavior!)
- Site formula: C ≈ 0.76 at the critical density (wrong)

Every "phase transition doesn't work" criticism in the interpretation gap traces to this elision. The site describes the self-consistent model's properties (phase transition, universality classes, critical exponents) while implementing the non-self-consistent approximation.

**Domain pattern**: The elision is harmless for galaxies (h >> J_eff·C, high-field limit works). It matters for superconductors (J_eff ≈ 1 by definition at T_c). The HTSC T_c failure (6.5× error) is consistent with dropping a J_eff ≈ 0.6 self-coupling term.

**What this adds to prior findings:**
- Interpretation gap (2026-03-31): identified 5 symptoms
- Mean-field audit (archived): found the self-consistency equation exists but is identified, not derived
- This finding: traced what the self-consistent equation predicts, showed the site formula is its J→0 limit, explained WHY each interpretation failure occurs

---

## Also archived

- `topics/temporal-dynamics-gap.md` → `topics/done/` (finding already exists: `temporal-dynamics-two-layer-coherence.md`)

---

## NotebookLM Usage
- Not checked this session (prior sessions confirmed auth issues on this machine)

---

## Rabbit Holes (Worth Revisiting)

1. **Numerical C_sc for galaxy regime**: Solve C_sc = tanh(h·C_sc) numerically, compare to SPARC data. Does self-consistency improve the galaxy fits? This is the highest-value next step.

2. **Hill self-consistency**: Session 186 derives a Hill form. Is there a Hill self-consistent version? Hill kinetics have well-known cooperative binding forms.

3. **Cosmic phase structure**: The self-consistent model predicts a phase transition at ρ_c. If ρ_c ≈ cluster density, the model predicts galaxy clusters are in the "ordered phase" and cosmic voids are "disordered." This is testable.

---

## Self-Seeded Questions

1. Does the "running coupling" (βzJ = h(ρ)) have a field-theoretic interpretation? A density-dependent coupling suggests an effective field theory where high-density modes are integrated out.

2. If the framework switched to the self-consistent formula, what would the coherence explorer look like? Instead of a smooth sigmoid, it would show a bifurcation diagram. This might be more compelling visually — and more honest.

3. Does the self-consistent formula fit SPARC data better or worse than the site formula, with the same number of free parameters?

---

## So What?

This advances discovery because:
- It identifies a specific, fixable mathematical step (elision of C from the right-hand side)
- It explains WHY each interpretation failure occurs (they're properties of the self-consistent model that the site claims but doesn't implement)
- It provides a constructive path: the self-consistent formula is solvable numerically and testable
- It converts "the framework has interpretation problems" → "the framework has one specific implementation gap with a clear fix and a testable prediction"

Prior sessions concluded the physics was likely a reparametrization. This session shows the correct physics (self-consistent mean-field) is a genuinely different, untested model. That's a change to the research posture, not just a longer failure ledger.
